<?xml version="1.0" encoding="UTF-8"?>
<testsuites name="jest tests" tests="1" failures="0" errors="0" time="1.474">
  <testsuite name="cdm-tree-browser" errors="0" failures="0" skipped="0" timestamp="2025-07-22T22:48:26" time="1.141" tests="1">
    <testcase classname="cdm-tree-browser should be tested" name="cdm-tree-browser should be tested" time="0.001">
    </testcase>
  </testsuite>
</testsuites>